# vi:ft=yaml
# types: character, item, sound, text, map, obscurement
# character/item fields: name, image_mode, top, left
# sound fields: name, top, left
# text fields: title, top, left
---
files:
    -   name: The Gnoll Huddle
        uri: images/gnoll-huddle.jpg
        type: map
        md5: fd693cc6ce9fc63ca03ed9600b9feeae
        # view zooms to fit this rectangle
        view: [940, 650, 1440, 1150]

    -   name: The Gnoll Huddle
        uri: images/gnoll-huddle_obm.png
        type: mask/obscurement
        md5: 2768f296b66341457c0a619904ba3ad9

    -   name: Shara
        uri: images/shara-kw.png
        type: character
        md5: 0865ea97c08cb3cb47e68312a48222cb
        corner: [900, 1000]
        size: 2.5ft

    -   name: Halbren
        uri: images/halbren.png
        type: character
        md5: ee9d888024cf8456402eb3883995398a
        corner: [1000, 1020]
        size: 1.5ft

    -   name: Crom Grumdalsen
        uri: images/crom.png
        type: character
        md5: dc4084622657491f1b8a91587a9e895e
        corner: ~
        size: 2.5ft
